WARNING: Unexpected output of 'dumpsys SurfaceFlinger' command: no GL extensions found.
The APKs have been extracted in the directory: /tmp/9463778208178399137
The APKs have been extracted in the directory: /tmp/9463778208178399137
ADB << rm -rf '/sdcard/Android/data/com.cuphead/files/local_testing'
ADB >> OK
ADB << mkdir -p '/sdcard/Android/data/com.cuphead/files/local_testing' && rmdir '/sdcard/Android/data/com.cuphead/files/local_testing' && mkdir -p '/sdcard/Android/data/com.cuphead/files/local_testing'
ADB >> OK
Pushed "/sdcard/Android/data/com.cuphead/files/local_testing/base-xxhdpi.apk"
Pushed "/sdcard/Android/data/com.cuphead/files/local_testing/base-master_2.apk"
Pushed "/sdcard/Android/data/com.cuphead/files/local_testing/base-ca.apk"
Pushed "/sdcard/Android/data/com.cuphead/files/local_testing/base-da.apk"
Pushed "/sdcard/Android/data/com.cuphead/files/local_testing/base-fa.apk"
Pushed "/sdcard/Android/data/com.cuphead/files/local_testing/base-ja.apk"
Pushed "/sdcard/Android/data/com.cuphead/files/local_testing/base-ka.apk"
Pushed "/sdcard/Android/data/com.cuphead/files/local_testing/base-pa.apk"
Pushed "/sdcard/Android/data/com.cuphead/files/local_testing/base-ta.apk"
Pushed "/sdcard/Android/data/com.cuphead/files/local_testing/base-nb.apk"
Pushed "/sdcard/Android/data/com.cuphead/files/local_testing/base-be.apk"
Pushed "/sdcard/Android/data/com.cuphead/files/local_testing/base-de.apk"
Pushed "/sdcard/Android/data/com.cuphead/files/local_testing/base-ne.apk"
Pushed "/sdcard/Android/data/com.cuphead/files/local_testing/base-te.apk"
Pushed "/sdcard/Android/data/com.cuphead/files/local_testing/base-af.apk"
Pushed "/sdcard/Android/data/com.cuphead/files/local_testing/base-bg.apk"
Pushed "/sdcard/Android/data/com.cuphead/files/local_testing/base-th.apk"
Pushed "/sdcard/Android/data/com.cuphead/files/local_testing/base-fi.apk"
Pushed "/sdcard/Android/data/com.cuphead/files/local_testing/base-hi.apk"
Pushed "/sdcard/Android/data/com.cuphead/files/local_testing/base-si.apk"
Pushed "/sdcard/Android/data/com.cuphead/files/local_testing/base-vi.apk"
Pushed "/sdcard/Android/data/com.cuphead/files/local_testing/base-kk.apk"
Pushed "/sdcard/Android/data/com.cuphead/files/local_testing/base-mk.apk"
Pushed "/sdcard/Android/data/com.cuphead/files/local_testing/base-sk.apk"
Pushed "/sdcard/Android/data/com.cuphead/files/local_testing/base-uk.apk"
Pushed "/sdcard/Android/data/com.cuphead/files/local_testing/base-el.apk"
Pushed "/sdcard/Android/data/com.cuphead/files/local_testing/base-gl.apk"
Pushed "/sdcard/Android/data/com.cuphead/files/local_testing/base-ml.apk"
Pushed "/sdcard/Android/data/com.cuphead/files/local_testing/base-nl.apk"
Pushed "/sdcard/Android/data/com.cuphead/files/local_testing/base-pl.apk"
Pushed "/sdcard/Android/data/com.cuphead/files/local_testing/base-sl.apk"
Pushed "/sdcard/Android/data/com.cuphead/files/local_testing/base-tl.apk"
Pushed "/sdcard/Android/data/com.cuphead/files/local_testing/base-am.apk"
Pushed "/sdcard/Android/data/com.cuphead/files/local_testing/base-km.apk"
Pushed "/sdcard/Android/data/com.cuphead/files/local_testing/base-bn.apk"
Pushed "/sdcard/Android/data/com.cuphead/files/local_testing/base-in.apk"
Pushed "/sdcard/Android/data/com.cuphead/files/local_testing/base-kn.apk"
Pushed "/sdcard/Android/data/com.cuphead/files/local_testing/base-mn.apk"
Pushed "/sdcard/Android/data/com.cuphead/files/local_testing/base-ko.apk"
Pushed "/sdcard/Android/data/com.cuphead/files/local_testing/base-lo.apk"
Pushed "/sdcard/Android/data/com.cuphead/files/local_testing/base-ro.apk"
Pushed "/sdcard/Android/data/com.cuphead/files/local_testing/base-sq.apk"
Pushed "/sdcard/Android/data/com.cuphead/files/local_testing/base-ar.apk"
Pushed "/sdcard/Android/data/com.cuphead/files/local_testing/base-fr.apk"
Pushed "/sdcard/Android/data/com.cuphead/files/local_testing/base-hr.apk"
Pushed "/sdcard/Android/data/com.cuphead/files/local_testing/base-mr.apk"
Pushed "/sdcard/Android/data/com.cuphead/files/local_testing/base-or.apk"
Pushed "/sdcard/Android/data/com.cuphead/files/local_testing/base-sr.apk"
Pushed "/sdcard/Android/data/com.cuphead/files/local_testing/base-tr.apk"
Pushed "/sdcard/Android/data/com.cuphead/files/local_testing/base-ur.apk"
Pushed "/sdcard/Android/data/com.cuphead/files/local_testing/base-as.apk"
Pushed "/sdcard/Android/data/com.cuphead/files/local_testing/base-bs.apk"
Pushed "/sdcard/Android/data/com.cuphead/files/local_testing/base-cs.apk"
Pushed "/sdcard/Android/data/com.cuphead/files/local_testing/base-es.apk"
Pushed "/sdcard/Android/data/com.cuphead/files/local_testing/base-is.apk"
Pushed "/sdcard/Android/data/com.cuphead/files/local_testing/base-ms.apk"
Pushed "/sdcard/Android/data/com.cuphead/files/local_testing/base-et.apk"
Pushed "/sdcard/Android/data/com.cuphead/files/local_testing/base-it.apk"
Pushed "/sdcard/Android/data/com.cuphead/files/local_testing/base-lt.apk"
Pushed "/sdcard/Android/data/com.cuphead/files/local_testing/base-eu.apk"
Pushed "/sdcard/Android/data/com.cuphead/files/local_testing/base-gu.apk"
Pushed "/sdcard/Android/data/com.cuphead/files/local_testing/base-hu.apk"
Pushed "/sdcard/Android/data/com.cuphead/files/local_testing/base-ru.apk"
Pushed "/sdcard/Android/data/com.cuphead/files/local_testing/base-zu.apk"
Pushed "/sdcard/Android/data/com.cuphead/files/local_testing/base-lv.apk"
Pushed "/sdcard/Android/data/com.cuphead/files/local_testing/base-sv.apk"
Pushed "/sdcard/Android/data/com.cuphead/files/local_testing/base-iw.apk"
Pushed "/sdcard/Android/data/com.cuphead/files/local_testing/base-sw.apk"
Pushed "/sdcard/Android/data/com.cuphead/files/local_testing/base-hy.apk"
Pushed "/sdcard/Android/data/com.cuphead/files/local_testing/base-ky.apk"
Pushed "/sdcard/Android/data/com.cuphead/files/local_testing/base-my.apk"
Pushed "/sdcard/Android/data/com.cuphead/files/local_testing/base-az.apk"
Pushed "/sdcard/Android/data/com.cuphead/files/local_testing/base-uz.apk"
Pushed "/sdcard/Android/data/com.cuphead/files/local_testing/base-en.apk"
Pushed "/sdcard/Android/data/com.cuphead/files/local_testing/base-zh.apk"
Pushed "/sdcard/Android/data/com.cuphead/files/local_testing/base-pt.apk"
Pushed "/sdcard/Android/data/com.cuphead/files/local_testing/base-arm64_v8a.apk"
Pushed "/sdcard/Android/data/com.cuphead/files/local_testing/cuphead_files_02-master.apk"
Pushed "/sdcard/Android/data/com.cuphead/files/local_testing/cuphead_files_01-master.apk"
Pushed "/sdcard/Android/data/com.cuphead/files/local_testing/cuphead_files_04-master.apk"
Pushed "/sdcard/Android/data/com.cuphead/files/local_testing/cuphead_files_03-master.apk"
Pushed "/sdcard/Android/data/com.cuphead/files/local_testing/cuphead_files_05-master.apk"
ADB << chmod 775 '/sdcard/Android/data/com.cuphead/files/local_testing'
ADB >> OK
ADB << run-as 'com.cuphead' rm -rf '/data/data/com.cuphead/files/splitcompat'
ADB >> OK
