PRISMA-0001	No intentado	https://doi.org/10.1016/j.jss.2024.112092	N/R
PRISMA-0004	No intentado	https://doi.org/10.1145/3711875.3729163	N/R
PRISMA-0005	Descargado	https://crad.ict.ac.cn/cn/article/pdf/preview/10.7544/issn1000-1239.202550135.pdf	PDF válido ya recuperado en un intento anterior
PRISMA-0007	No intentado	https://doi.org/10.1145/3767295.3803591	N/R
PRISMA-0008	Descargado	https://www.usenix.org/system/files/atc24-gao-chen.pdf	PDF válido ya recuperado en un intento anterior
PRISMA-0010	Descargado	https://finkmartin.com/papers/pldi22-lasagne.pdf	PDF válido ya recuperado en un intento anterior
PRISMA-0011	Descargado	https://www.st.ewi.tudelft.nl/sschakraborty/papers/ASPLOS2026-Arancini.pdf	PDF válido ya recuperado en un intento anterior
PRISMA-0012	Descargado	https://tr0py.github.io/files/QEMU-ABA-CGO2021.pdf	PDF válido ya recuperado en un intento anterior
PRISMA-0014	No intentado	https://doi.org/10.1109/TMC.2026.3718184	N/R
PRISMA-0015	No recuperado	https://research-repository.st-andrews.ac.uk/bitstream/10023/30039/1/Accelerating_Shared_Library_Execution_in_a_DBT_LCTES_v6.pdf	         0   0      0   0      0   0      0      0      0           00:21              0   0      0   0      0   0      0      0      0           00:22              0   0      0   0      0   0      0      0      0           00:23              0   0      0   0      0   0      0      0      0           00:24              0 curl: (28) Operation timed out after 25002 milliseconds with 0 bytes received
PRISMA-0016	Descargado	https://mdpi-res.com/d_attachment/electronics/electronics-12-03014/article_deploy/electronics-12-03014.pdf	PDF válido ya recuperado en un intento anterior
PRISMA-0017	No intentado	https://doi.org/10.1109/CGO68049.2026.11394840	N/R
PRISMA-0018	No recuperado	https://cobweb.cs.uga.edu/~wenwen/papers/icse2022.pdf	curl: (28) Connection timed out after 25001 milliseconds
PRISMA-0019	No intentado	https://doi.org/10.1145/3767295.3803600	N/R
PRISMA-0022	No intentado	https://doi.org/10.1145/3453933.3454016	N/R
PRISMA-0023	Descargado	https://binary-translation.github.io/pubs/asplos23-risotto.pdf	PDF válido ya recuperado en un intento anterior
PRISMA-0024	Descargado	https://hal.science/hal-03417343v1/document	PDF válido ya recuperado en un intento anterior
PRISMA-0027	Descargado	https://arxiv.org/pdf/2501.03427	PDF válido ya recuperado en un intento anterior
PRISMA-0028	No intentado	https://doi.org/10.1109/APSEC57359.2022.00056	N/R
PRISMA-0034	Descargado	https://thucloud.com/zhenhua/papers/TOCS%2724%20Trinity%20Emulator.pdf	PDF válido ya recuperado en un intento anterior
PRISMA-0036	Descargado	https://cs.brown.edu/people/vpk/papers/egalito.asplos20.pdf	PDF válido ya recuperado en un intento anterior
PRISMA-0078	Descargado	https://dice.cs.depaul.edu/pdfs/pubs/C31.pdf	PDF válido ya recuperado en un intento anterior
PRISMA-0082	Descargado	https://www.csie.ntu.edu.tw/~hchsiao/pub/2024_ACM_CODASPY.pdf	PDF válido ya recuperado en un intento anterior
PRISMA-0093	No intentado	https://doi.org/10.1145/3665320.3670987	N/R
PRISMA-0102	Descargado	https://hal.science/hal-04480308v2/document	PDF válido ya recuperado en un intento anterior
PRISMA-0106	No recuperado	https://papers.ssrn.com/sol3/Delivery.cfm/38c3f20f-2651-4f02-b0d9-198095444e02-MECA.pdf?abstractid=5131936&mirid=1	% Total    % Received % Xferd  Average Speed  Time    Time    Time   Current                                  Dload  Upload  Total   Spent   Left   Speed    0      0   0      0   0      0      0      0                              0 curl: (22) The requested URL returned error: 403
PRISMA-0110	Descargado	https://www.cloud-conf.net/ispa2021/proc/pdfs/ISPA-BDCloud-SocialCom-SustainCom2021-3mkuIWCJVSdKJpBYM7KEKW/264600a618/264600a618.pdf	PDF válido ya recuperado en un intento anterior
PRISMA-0113	Descargado	https://www.scitepress.org/PublishedPapers/2020/94149/94149.pdf	PDF válido ya recuperado en un intento anterior
PRISMA-0114	No intentado	https://doi.org/10.1109/SISY67000.2025.11205397	N/R
PRISMA-0139	Descargado	https://europepmc.org/articles/PMC8237318?pdf=render	PDF válido ya recuperado en un intento anterior
PRISMA-0142	Descargado	https://www.cs.ucr.edu/~heng/pubs/sacmat2020.pdf	PDF válido ya recuperado en un intento anterior
PRISMA-0165	No intentado	https://doi.org/10.1007/s42979-023-02030-6	N/R
PRISMA-0203	No intentado	https://doi.org/10.1016/j.infsof.2021.106606	N/R
PRISMA-0234	No intentado	https://doi.org/10.1145/3399715.3399847	N/R
PRISMA-0321	Descargado	https://arxiv.org/pdf/2104.14614	PDF válido ya recuperado en un intento anterior
PRISMA-0334	No intentado	https://doi.org/10.1109/ASE63991.2025.00146	N/R
PRISMA-0365	No intentado	https://doi.org/10.1016/j.jss.2020.110849	N/R
PRISMA-0393	Descargado	https://pdfs.semanticscholar.org/5115/1972ab2aa58dba95458366bf7bbebc186018.pdf	PDF válido ya recuperado en un intento anterior
PRISMA-0404	Descargado	https://www.scitepress.org/Papers/2022/110837/110837.pdf	PDF válido ya recuperado en un intento anterior
PRISMA-0424	No recuperado	https://userweb.cs.txstate.edu/~aq10/papers/ford_nas21.pdf	% Total    % Received % Xferd  Average Speed  Time    Time    Time   Current                                  Dload  Upload  Total   Spent   Left   Speed    0      0   0      0   0      0      0      0                              0 curl: (22) The requested URL returned error: 403
PRISMA-0458	Descargado	https://rapidoworkshop.github.io/RapidoProceedings.pdf	PDF válido ya recuperado en un intento anterior
PRISMA-0468	Descargado	local:estado_del_arte/Runtime-Application-Migration-using-CheckpointRestore-In-Userspace_2024_River-Publishers.pdf	Copia local verificada como PDF
PRISMA-0474	Descargado	https://ntv.ifmo.ru/file/article/19640.pdf	PDF válido ya recuperado en un intento anterior
PRISMA-0512	No intentado	https://doi.org/10.1145/3712197	N/R
PRISMA-0540	No intentado	https://doi.org/10.1007/978-3-030-78618-2_9	N/R
